[bslthemes.com/html/luique/index.html]
[backblue.gif]
[fade.gif]
[index.html]
[bslthemes.com/html/luique/assets/css/vendors/bootstrap.css]
[bslthemes.com/html/luique/assets/fonts/font-awesome/css/font-awesome.css]
[bslthemes.com/html/luique/assets/css/vendors/magnific-popup.css]
[bslthemes.com/html/luique/assets/css/vendors/splitting.css]
[bslthemes.com/html/luique/assets/css/vendors/swiper.css]
[bslthemes.com/html/luique/assets/css/vendors/animate.css]
[bslthemes.com/html/luique/assets/css/style.css]
[bslthemes.com/html/luique/assets/css/dark.css]
[bslthemes.com/html/luique/favicon.ico]
[bslthemes.com/html/luique/assets/images/logo2.png]
[bslthemes.com/html/luique/index-2.html]
[bslthemes.com/html/luique/works-list.html]
[bslthemes.com/html/luique/works.html]
[bslthemes.com/html/luique/work-single.html]
[bslthemes.com/html/luique/blog.html]
[bslthemes.com/html/luique/blog-single.html]
[bslthemes.com/html/luique/assets/images/profile2.png]
[bslthemes.com/html/luique/assets/images/pat-1.png]
[bslthemes.com/html/luique/assets/images/pat-2.png]
[bslthemes.com/html/luique/assets/images/work4.jpg]
[bslthemes.com/html/luique/assets/images/work2.jpg]
[bslthemes.com/html/luique/assets/images/work7.jpg]
[bslthemes.com/html/luique/assets/images/work1.jpg]
[bslthemes.com/html/luique/assets/images/single8.jpg]
[bslthemes.com/html/luique/assets/images/single6.jpg]
[bslthemes.com/html/luique/assets/images/testi4-2.jpg]
[bslthemes.com/html/luique/assets/images/testi4-1.jpg]
[bslthemes.com/html/luique/assets/images/testi4-4.jpg]
[bslthemes.com/html/luique/assets/images/testi4-3.jpg]
[bslthemes.com/html/luique/assets/images/testi4-5.jpg]
[bslthemes.com/html/luique/assets/images/single7.jpg]
[bslthemes.com/html/luique/assets/images/blog-4-scaled-1.jpg]
[bslthemes.com/html/luique/assets/images/blog-2.jpg]
[bslthemes.com/html/luique/assets/js/jquery.min.js]
[bslthemes.com/html/luique/assets/js/jquery.validate.min.js]
[bslthemes.com/html/luique/assets/js/bootstrap.js]
[bslthemes.com/html/luique/assets/js/swiper.js]
[bslthemes.com/html/luique/assets/js/splitting.js]
[bslthemes.com/html/luique/assets/js/jarallax.min.js]
[bslthemes.com/html/luique/assets/js/magnific-popup.js]
[bslthemes.com/html/luique/assets/js/imagesloaded.pkgd.js]
[bslthemes.com/html/luique/assets/js/isotope.pkgd.js]
[bslthemes.com/html/luique/assets/js/jquery.scrolla.js]
[bslthemes.com/html/luique/assets/js/skrollr.js]
[bslthemes.com/html/luique/assets/js/jquery.cookie.js]
[bslthemes.com/html/luique/assets/js/typed.js]
[bslthemes.com/html/luique/index.html]
[bslthemes.com/html/luique/assets/css/vendors/bootstrap.css]
[bslthemes.com/html/luique/assets/js/common.js]
[bslthemes.com/html/luique/assets/fonts/font-awesome/webfonts/fa-brands-400.eot]
[bslthemes.com/html/luique/assets/fonts/font-awesome/webfonts/fa-brands-400d41d.eot]
[bslthemes.com/html/luique/assets/fonts/font-awesome/webfonts/fa-brands-400.woff2]
[bslthemes.com/html/luique/assets/fonts/font-awesome/webfonts/fa-brands-400.woff]
[bslthemes.com/html/luique/assets/fonts/font-awesome/webfonts/fa-brands-400.ttf]
[bslthemes.com/html/luique/assets/fonts/font-awesome/webfonts/fa-regular-400.eot]
[bslthemes.com/html/luique/assets/fonts/font-awesome/webfonts/fa-regular-400d41d.eot]
[bslthemes.com/html/luique/assets/fonts/font-awesome/webfonts/fa-brands-400.svg]
[bslthemes.com/html/luique/assets/fonts/font-awesome/webfonts/fa-regular-400.woff2]
[bslthemes.com/html/luique/assets/fonts/font-awesome/webfonts/fa-regular-400.woff]
[bslthemes.com/html/luique/assets/fonts/font-awesome/webfonts/fa-regular-400.ttf]
[bslthemes.com/html/luique/assets/fonts/font-awesome/webfonts/fa-regular-400.svg]
[bslthemes.com/html/luique/assets/fonts/font-awesome/webfonts/fa-solid-900.eot]
[bslthemes.com/html/luique/assets/fonts/font-awesome/webfonts/fa-solid-900d41d.eot]
[bslthemes.com/html/luique/assets/fonts/font-awesome/webfonts/fa-solid-900.woff2]
[bslthemes.com/html/luique/assets/fonts/font-awesome/webfonts/fa-solid-900.woff]
[bslthemes.com/html/luique/assets/fonts/font-awesome/webfonts/fa-solid-900.ttf]
[bslthemes.com/html/luique/assets/fonts/font-awesome/css/font-awesome.css]
[bslthemes.com/html/luique/assets/css/vendors/magnific-popup.css]
[bslthemes.com/html/luique/assets/css/vendors/splitting.css]
[bslthemes.com/html/luique/assets/css/vendors/swiper.css]
[bslthemes.com/html/luique/assets/css/vendors/animate.css]
[bslthemes.com/html/luique/assets/fonts/font-awesome/webfonts/fa-solid-900.svg]
[bslthemes.com/html/luique/assets/css/style.css]
[bslthemes.com/html/luique/assets/css/dark.css]
[bslthemes.com/html/luique/index-2.html]
[bslthemes.com/html/luique/works-list.html]
[bslthemes.com/html/luique/works.html]
[luique.bslthemes.com/wp-content/uploads/2021/11/single4.jpg]
[bslthemes.com/html/luique/assets/images/work5.jpg]
[bslthemes.com/html/luique/assets/images/blog8.jpg]
[bslthemes.com/html/luique/assets/images/blog6.jpg]
[bslthemes.com/html/luique/assets/images/blog9.jpg]
[bslthemes.com/html/luique/work-single.html]
[bslthemes.com/html/luique/blog.html]
[bslthemes.com/html/luique/assets/images/avatar.png]
[bslthemes.com/html/luique/blog-single.html]
[bslthemes.com/html/luique/assets/fonts/font-awesome/webfonts/fa-brands-400.svg]
[bslthemes.com/html/luique/assets/fonts/font-awesome/webfonts/fa-regular-400.svg]
[bslthemes.com/html/luique/assets/fonts/font-awesome/webfonts/fa-solid-900.svg]
[bslthemes.com/html/luique/assets/images/quote.svg]
[bslthemes.com/html/luique/assets/images/caret-down.svg]
[bslthemes.com/html/luique/assets/images/circle.svg]
[bslthemes.com/html/luique/assets/images/arrow.svg]
[bslthemes.com/html/luique/assets/images/search.svg]
[bslthemes.com/html/luique/assets/images/angle.svg]
